tests/hatches.py:7:15: NO-ANY `Any` in annotation — rewrite or add `# lint-ignore: no-any` to this line.
tests/hatches.py:8:18: NO-ANY `Any` in annotation — rewrite or add `# lint-ignore: no-any` to this line.
tests/hatches.py:9:17: NO-ANY `Any` in annotation — rewrite or add `# lint-ignore: no-any` to this line.
tests/hatches.py:10:19: NO-ANY `Any` in annotation — rewrite or add `# lint-ignore: no-any` to this line.
tests/hatches.py:11:21: NO-ANY `Any` in annotation — rewrite or add `# lint-ignore: no-any` to this line.
tests/hatches.py:14:27: NO-ANY `Any` in annotation — rewrite or add `# lint-ignore: no-any` to this line.
tests/hatches.py:14:41: NO-ANY `Any` in annotation — rewrite or add `# lint-ignore: no-any` to this line.
tests/hatches.py:15:24: NO-ANY `Any` in annotation — rewrite or add `# lint-ignore: no-any` to this line.
tests/hatches.py:19:17: NO-ANY `Any` in annotation — rewrite or add `# lint-ignore: no-any` to this line.
tests/hatches.py:19:28: NO-OBJECT `object` in annotation — rewrite or add `# lint-ignore: no-object` to this line.
tests/hatches.py:19:43: NO-ANY `Any` in annotation — rewrite or add `# lint-ignore: no-any` to this line.
tests/hatches.py:19:51: NO-ANY `Any` in annotation — rewrite or add `# lint-ignore: no-any` to this line.
tests/hatches.py:19:66: NO-OBJECT `object` in annotation — rewrite or add `# lint-ignore: no-object` to this line.
tests/hatches.py:23:17: NO-OBJECT `object` in annotation — rewrite or add `# lint-ignore: no-object` to this line.
tests/hatches.py:26:11: NO-OBJECT `object` in annotation — rewrite or add `# lint-ignore: no-object` to this line.
tests/hatches.py:39:11: NO-ANY `Any` in annotation — rewrite or add `# lint-ignore: no-any` to this line.
tests/hatches.py:41:25: NO-ANY `Any` in annotation — rewrite or add `# lint-ignore: no-any` to this line.
tests/hatches.py:45:20: NO-ANY `Any` in annotation — rewrite or add `# lint-ignore: no-any` to this line.
tests/hatches.py:50:5: NO-GETATTR `getattr(...)` is banned — rewrite or add `# lint-ignore: no-getattr` to this line.
tests/hatches.py:51:5: NO-GETATTR `hasattr(...)` is banned — rewrite or add `# lint-ignore: no-getattr` to this line.
tests/hatches.py:56:8: NO-GETATTR `hasattr(...)` is banned — rewrite or add `# lint-ignore: no-getattr` to this line.
tests/hatches.py:58:10: NO-GETATTR `hasattr(...)` is banned — rewrite or add `# lint-ignore: no-getattr` to this line.
tests/hatches.py:62:15: NO-GETATTR `getattr(...)` is banned — rewrite or add `# lint-ignore: no-getattr` to this line.
tests/hatches.py:66:18: NO-GETATTR `getattr(...)` is banned — rewrite or add `# lint-ignore: no-getattr` to this line.
